// Jest Snapshot v1, https://goo.gl/fbAQLP

exports[`Test Homepage component should renders correctly 1`] = `
<styled__HomepageBackground>
  Here is the homepage
</styled__HomepageBackground>
`;
