// Jest Snapshot v1, https://goo.gl/fbAQLP

exports[`Test Header component Header component renders correctly 1`] = `ShallowWrapper {}`;
