// Jest Snapshot v1, https://goo.gl/fbAQLP

exports[`Test Footer component should renders correctly 1`] = `
<styled__StyledFooter>
  <SocialProfile />
</styled__StyledFooter>
`;
