// Jest Snapshot v1, https://goo.gl/fbAQLP

exports[`Test SocialProfile component should renders correctly 1`] = `
<styled__StyledSocialProfileBackground>
  Social Profile
</styled__StyledSocialProfileBackground>
`;
