// Jest Snapshot v1, https://goo.gl/fbAQLP

exports[`Test LatestUpdate component should renders correctly 1`] = `
<Fragment>
  <CurrentlyReading />
</Fragment>
`;
